Archive member included because of file (symbol)

/home/arnaud/opt/gcc-arm-none-eabi/bin/../lib/gcc/arm-none-eabi/4.8.4/armv6-m/libgcc.a(_thumb1_case_uqi.o)
                              src/ble.o (__gnu_thumb1_case_uqi)
/home/arnaud/opt/gcc-arm-none-eabi/bin/../lib/gcc/arm-none-eabi/4.8.4/../../../../arm-none-eabi/lib/armv6-m/libc_s.a(lib_a-exit.o)
                              /home/arnaud/opt/gcc-arm-none-eabi/bin/../lib/gcc/arm-none-eabi/4.8.4/../../../../arm-none-eabi/lib/armv6-m/crt0.o (exit)
/home/arnaud/opt/gcc-arm-none-eabi/bin/../lib/gcc/arm-none-eabi/4.8.4/../../../../arm-none-eabi/lib/armv6-m/libc_s.a(lib_a-impure.o)
                              /home/arnaud/opt/gcc-arm-none-eabi/bin/../lib/gcc/arm-none-eabi/4.8.4/../../../../arm-none-eabi/lib/armv6-m/libc_s.a(lib_a-exit.o) (_global_impure_ptr)
/home/arnaud/opt/gcc-arm-none-eabi/bin/../lib/gcc/arm-none-eabi/4.8.4/../../../../arm-none-eabi/lib/armv6-m/libc_s.a(lib_a-init.o)
                              /home/arnaud/opt/gcc-arm-none-eabi/bin/../lib/gcc/arm-none-eabi/4.8.4/../../../../arm-none-eabi/lib/armv6-m/crt0.o (__libc_init_array)
/home/arnaud/opt/gcc-arm-none-eabi/bin/../lib/gcc/arm-none-eabi/4.8.4/../../../../arm-none-eabi/lib/armv6-m/libc_s.a(lib_a-memcpy-stub.o)
                              nrf51_sdk/nrf51822/Source/ble/ble_advdata.o (memcpy)
/home/arnaud/opt/gcc-arm-none-eabi/bin/../lib/gcc/arm-none-eabi/4.8.4/../../../../arm-none-eabi/lib/armv6-m/libc_s.a(lib_a-memset.o)
                              /home/arnaud/opt/gcc-arm-none-eabi/bin/../lib/gcc/arm-none-eabi/4.8.4/../../../../arm-none-eabi/lib/armv6-m/crt0.o (memset)
/home/arnaud/opt/gcc-arm-none-eabi/bin/../lib/gcc/arm-none-eabi/4.8.4/../../../../arm-none-eabi/lib/armv6-m/libc_s.a(lib_a-strlen.o)
                              nrf51_sdk/nrf51822/Source/ble/ble_services/ble_srv_common.o (strlen)
/home/arnaud/opt/gcc-arm-none-eabi/bin/../lib/gcc/arm-none-eabi/4.8.4/../../../../arm-none-eabi/lib/armv6-m/libnosys.a(_exit.o)
                              /home/arnaud/opt/gcc-arm-none-eabi/bin/../lib/gcc/arm-none-eabi/4.8.4/../../../../arm-none-eabi/lib/armv6-m/libc_s.a(lib_a-exit.o) (_exit)

Discarded input sections

 .group         0x00000000        0x8 nrf51_sdk/nrf51822/Source/ble/ble_advdata.o
 .group         0x00000000        0x8 nrf51_sdk/nrf51822/Source/ble/ble_advdata.o
 .group         0x00000000        0x8 nrf51_sdk/nrf51822/Source/ble/ble_advdata.o
 .group         0x00000000        0x8 nrf51_sdk/nrf51822/Source/ble/ble_advdata.o
 .group         0x00000000        0x8 nrf51_sdk/nrf51822/Source/ble/ble_advdata.o
 .group         0x00000000        0x8 nrf51_sdk/nrf51822/Source/ble/ble_advdata.o
 .group         0x00000000        0x8 nrf51_sdk/nrf51822/Source/ble/ble_advdata.o
 .group         0x00000000        0x8 nrf51_sdk/nrf51822/Source/ble/ble_advdata.o
 .group         0x00000000        0x8 nrf51_sdk/nrf51822/Source/ble/ble_advdata.o
 .group         0x00000000        0x8 nrf51_sdk/nrf51822/Source/ble/ble_advdata.o
 .group         0x00000000        0x8 nrf51_sdk/nrf51822/Source/ble/ble_advdata.o
 .group         0x00000000        0x8 nrf51_sdk/nrf51822/Source/ble/ble_advdata.o
 .group         0x00000000        0x8 nrf51_sdk/nrf51822/Source/ble/ble_advdata.o
 .group         0x00000000        0x8 nrf51_sdk/nrf51822/Source/ble/ble_advdata.o
 .group         0x00000000        0x8 nrf51_sdk/nrf51822/Source/ble/ble_advdata.o
 .group         0x00000000        0x8 nrf51_sdk/nrf51822/Source/ble/ble_advdata.o
 .group         0x00000000        0x8 nrf51_sdk/nrf51822/Source/ble/ble_advdata.o
 .group         0x00000000        0x8 nrf51_sdk/nrf51822/Source/ble/ble_advdata.o
 .group         0x00000000        0x8 nrf51_sdk/nrf51822/Source/ble/ble_advdata.o
 .group         0x00000000        0x8 nrf51_sdk/nrf51822/Source/ble/ble_advdata.o
 .group         0x00000000        0x8 nrf51_sdk/nrf51822/Source/ble/ble_advdata.o
 .group         0x00000000        0x8 nrf51_sdk/nrf51822/Source/ble/ble_advdata.o
 .group         0x00000000        0x8 nrf51_sdk/nrf51822/Source/ble/ble_advdata.o
 .group         0x00000000        0x8 nrf51_sdk/nrf51822/Source/ble/ble_advdata.o
 .group         0x00000000        0x8 nrf51_sdk/nrf51822/Source/ble/ble_advdata.o
 .group         0x00000000        0x8 nrf51_sdk/nrf51822/Source/ble/ble_advdata.o
 .group         0x00000000        0x8 nrf51_sdk/nrf51822/Source/ble/ble_advdata.o
 .group         0x00000000        0x8 nrf51_sdk/nrf51822/Source/ble/ble_advdata.o
 .group         0x00000000        0x8 nrf51_sdk/nrf51822/Source/ble/ble_advdata.o
 .group         0x00000000        0x8 nrf51_sdk/nrf51822/Source/ble/ble_advdata.o
 .group         0x00000000        0x8 nrf51_sdk/nrf51822/Source/ble/ble_advdata.o
 .group         0x00000000        0x8 nrf51_sdk/nrf51822/Source/ble/ble_advdata.o
 .group         0x00000000        0x8 nrf51_sdk/nrf51822/Source/ble/ble_conn_params.o
 .group         0x00000000        0x8 nrf51_sdk/nrf51822/Source/ble/ble_conn_params.o
[...]
Memory Configuration

Name             Origin             Length             Attributes
FLASH            0x0003a000         0x00005000         xr
RAM              0x20002000         0x00002000         xrw
*default*        0x00000000         0xffffffff

Linker script and memory map

LOAD /home/arnaud/opt/gcc-arm-none-eabi/bin/../lib/gcc/arm-none-eabi/4.8.4/armv6-m/crti.o
LOAD /home/arnaud/opt/gcc-arm-none-eabi/bin/../lib/gcc/arm-none-eabi/4.8.4/armv6-m/crtbegin.o
LOAD /home/arnaud/opt/gcc-arm-none-eabi/bin/../lib/gcc/arm-none-eabi/4.8.4/../../../../arm-none-eabi/lib/armv6-m/crt0.o
LOAD nrf51_sdk/nrf51822/Source/ble/ble_advdata.o
LOAD nrf51_sdk/nrf51822/Source/ble/ble_conn_params.o
LOAD nrf51_sdk/nrf51822/Source/ble/ble_services/ble_srv_common.o
LOAD nrf51_sdk/nrf51822/Source/ble/ble_services/ble_dis.o
LOAD nrf51_sdk/nrf51822/Source/sd_common/softdevice_handler.o
LOAD nrf51_sdk/nrf51822/Source/app_common/app_timer.o
LOAD src/main.o
LOAD gcc_startup_nrf51.o
LOAD system_nrf51.o
LOAD src/button.o
LOAD src/systick.o
LOAD src/ble.o
LOAD src/ble_crazyflies.o
LOAD src/esb.o
LOAD src/timeslot.o
LOAD src/bootloader.o
LOAD src/uart.o
LOAD src/syslink.o
LOAD src/crc.o
START GROUP
LOAD /home/arnaud/opt/gcc-arm-none-eabi/bin/../lib/gcc/arm-none-eabi/4.8.4/armv6-m/libgcc.a
LOAD /home/arnaud/opt/gcc-arm-none-eabi/bin/../lib/gcc/arm-none-eabi/4.8.4/../../../../arm-none-eabi/lib/armv6-m/libc_s.a
END GROUP
START GROUP
LOAD /home/arnaud/opt/gcc-arm-none-eabi/bin/../lib/gcc/arm-none-eabi/4.8.4/armv6-m/libgcc.a
LOAD /home/arnaud/opt/gcc-arm-none-eabi/bin/../lib/gcc/arm-none-eabi/4.8.4/../../../../arm-none-eabi/lib/armv6-m/libc_s.a
END GROUP
LOAD /home/arnaud/opt/gcc-arm-none-eabi/bin/../lib/gcc/arm-none-eabi/4.8.4/armv6-m/crtend.o
LOAD /home/arnaud/opt/gcc-arm-none-eabi/bin/../lib/gcc/arm-none-eabi/4.8.4/armv6-m/crtn.o
START GROUP
LOAD /home/arnaud/opt/gcc-arm-none-eabi/bin/../lib/gcc/arm-none-eabi/4.8.4/armv6-m/libgcc.a
LOAD /home/arnaud/opt/gcc-arm-none-eabi/bin/../lib/gcc/arm-none-eabi/4.8.4/../../../../arm-none-eabi/lib/armv6-m/libc.a
LOAD /home/arnaud/opt/gcc-arm-none-eabi/bin/../lib/gcc/arm-none-eabi/4.8.4/../../../../arm-none-eabi/lib/armv6-m/libnosys.a
END GROUP

.text           0x0003a000     0x2b38
 *(.Vectors)
 .Vectors       0x0003a000       0xc0 gcc_startup_nrf51.o
                0x0003a000                __Vectors
 *(.text*)
 .text          0x0003a0c0        0x0 /home/arnaud/opt/gcc-arm-none-eabi/bin/../lib/gcc/arm-none-eabi/4.8.4/armv6-m/crti.o
 .text          0x0003a0c0       0x60 /home/arnaud/opt/gcc-arm-none-eabi/bin/../lib/gcc/arm-none-eabi/4.8.4/armv6-m/crtbegin.o
 .text          0x0003a120       0x78 /home/arnaud/opt/gcc-arm-none-eabi/bin/../lib/gcc/arm-none-eabi/4.8.4/../../../../arm-none-eabi/lib/armv6-m/crt0.o
                0x0003a120                _mainCRTStartup
                0x0003a120                _start
 .text          0x0003a198      0x428 nrf51_sdk/nrf51822/Source/ble/ble_advdata.o
                0x0003a550                ble_advdata_set
 .text          0x0003a5c0      0x230 nrf51_sdk/nrf51822/Source/ble/ble_conn_params.o
                0x0003a698                ble_conn_params_init
                0x0003a6f8                ble_conn_params_stop
                0x0003a708                ble_conn_params_on_ble_evt
                0x0003a794                ble_conn_params_change_conn_params
 .text          0x0003a7f0       0x1e nrf51_sdk/nrf51822/Source/ble/ble_services/ble_srv_common.o
                0x0003a7f0                ble_srv_report_ref_encode
                0x0003a7fc                ble_srv_ascii_to_utf8
 *fill*         0x0003a80e        0x2 
 .text          0x0003a810      0x254 nrf51_sdk/nrf51822/Source/ble/ble_services/ble_dis.o
                0x0003a89c                ble_dis_init
 .text          0x0003aa64      0x154 nrf51_sdk/nrf51822/Source/sd_common/softdevice_handler.o
                0x0003aa78                softdevice_assertion_handler
                0x0003aa84                intern_softdevice_events_execute
                0x0003ab14                softdevice_handler_init
                0x0003ab4c                softdevice_handler_sd_disable
                0x0003ab64                softdevice_ble_evt_handler_set
                0x0003ab78                softdevice_sys_evt_handler_set
                0x0003ab8c                SWI2_IRQHandler
 .text          0x0003abb8      0x78c nrf51_sdk/nrf51822/Source/app_common/app_timer.o
                0x0003acb4                RTC1_IRQHandler
                0x0003ad58                SWI0_IRQHandler
                0x0003b0d4                app_timer_init
                0x0003b19c                app_timer_create
                0x0003b1e8                app_timer_start
                0x0003b27c                app_timer_stop
                0x0003b2dc                app_timer_stop_all
                0x0003b324                app_timer_cnt_get
                0x0003b338                app_timer_cnt_diff_compute
 .text          0x0003b344      0x1d0 src/main.o
                0x0003b350                start_firmware
                0x0003b36c                mainLoop
 .text.startup  0x0003b514      0x188 src/main.o
                0x0003b514                main
 .text          0x0003b69c       0x48 gcc_startup_nrf51.o
                0x0003b69c                Reset_Handler
                0x0003b6d8                NMI_Handler
                0x0003b6da                HardFault_Handler
                0x0003b6dc                SVC_Handler
                0x0003b6de                PendSV_Handler
                0x0003b6e0                SysTick_Handler
                0x0003b6e2                SPI0_TWI0_IRQHandler
                0x0003b6e2                RTC0_IRQHandler
                0x0003b6e2                GPIOTE_IRQHandler
                0x0003b6e2                POWER_CLOCK_IRQHandler
                0x0003b6e2                RADIO_IRQHandler
                0x0003b6e2                LPCOMP_IRQHandler
                0x0003b6e2                SWI4_IRQHandler
                0x0003b6e2                TEMP_IRQHandler
                0x0003b6e2                QDEC_IRQHandler
                0x0003b6e2                SWI5_IRQHandler
                0x0003b6e2                TIMER0_IRQHandler
                0x0003b6e2                TIMER1_IRQHandler
                0x0003b6e2                ECB_IRQHandler
                0x0003b6e2                Default_Handler
                0x0003b6e2                ADC_IRQHandler
                0x0003b6e2                SWI3_IRQHandler
                0x0003b6e2                CCM_AAR_IRQHandler
                0x0003b6e2                WDT_IRQHandler
                0x0003b6e2                RNG_IRQHandler
                0x0003b6e2                SPI1_TWI1_IRQHandler
                0x0003b6e2                SWI1_IRQHandler
 .text          0x0003b6e4       0xa0 system_nrf51.o
                0x0003b6e4                SystemCoreClockUpdate
                0x0003b6f4                SystemInit
 .text          0x0003b784       0xa0 src/button.o
                0x0003b784                buttonInit
                0x0003b7a8                buttonProcess
                0x0003b814                buttonGetState
 .text          0x0003b824       0x60 src/systick.o
                0x0003b824                TIMER2_IRQHandler
                0x0003b83c                systickInit
                0x0003b878                systickGetTick
 .text          0x0003b884      0x234 src/ble.o
                0x0003b910                app_error_handler
                0x0003b912                assert_nrf_callback
                0x0003b914                ble_init
 .text.unlikely
                0x0003bab8       0x14 src/ble.o
 .text          0x0003bacc      0x2e8 src/ble_crazyflies.o
                0x0003bad8                ble_crazyflies_on_ble_evt
                0x0003bb98                ble_crazyflies_init
                0x0003bc90                bleCrazyfliesIsPacketReceived
                0x0003bc9c                bleCrazyfliesGetRxPacket
                0x0003bca8                bleCrazyfliesReleaseRxPacket
                0x0003bcb4                bleCrazyfliesSendPacket
 .text          0x0003bdb4      0x3f0 src/esb.o
                0x0003bdf8                esbInterruptHandler
                0x0003bf3c                esbInit
                0x0003c054                esbDeinit
                0x0003c084                esbIsRxPacket
                0x0003c0a0                esbGetRxPacket
                0x0003c0c4                esbReleaseRxPacket
                0x0003c0e8                esbCanTxPacket
                0x0003c114                esbGetTxPacket
                0x0003c134                esbSendTxPacket
                0x0003c158                esbSetDatarate
                0x0003c17c                esbSetChannel
                0x0003c190                esbSetAddress
 .text          0x0003c1a4       0xc0 src/timeslot.o
                0x0003c238                timeslot_sd_evt_signal
                0x0003c24c                timeslot_start
 .text          0x0003c264      0x3f0 src/bootloader.o
                0x0003c26c                bootloaderProcess
                0x0003c580                bootloaderOnSdEvt
 .text          0x0003c654      0x1a4 src/uart.o
                0x0003c654                UART0_IRQHandler
                0x0003c6a0                uartInit
                0x0003c734                uartPutc
                0x0003c760                uartPuts
                0x0003c780                uartSend
                0x0003c7a4                uartIsDataReceived
                0x0003c7c8                uartGetc
 .text          0x0003c7f8      0x120 src/syslink.o
                0x0003c7f8                syslinkReceive
                0x0003c8c4                syslinkSend
 .text          0x0003c918       0x60 src/crc.o
                0x0003c918                crcSlow
 .text          0x0003c978       0x14 /home/arnaud/opt/gcc-arm-none-eabi/bin/../lib/gcc/arm-none-eabi/4.8.4/armv6-m/libgcc.a(_thumb1_case_uqi.o)
                0x0003c978                __gnu_thumb1_case_uqi
 .text          0x0003c98c        0x0 /home/arnaud/opt/gcc-arm-none-eabi/bin/../lib/gcc/arm-none-eabi/4.8.4/../../../../arm-none-eabi/lib/armv6-m/libc_s.a(lib_a-exit.o)
 .text.exit     0x0003c98c       0x2c /home/arnaud/opt/gcc-arm-none-eabi/bin/../lib/gcc/arm-none-eabi/4.8.4/../../../../arm-none-eabi/lib/armv6-m/libc_s.a(lib_a-exit.o)
                0x0003c98c                exit
 .text          0x0003c9b8        0x0 /home/arnaud/opt/gcc-arm-none-eabi/bin/../lib/gcc/arm-none-eabi/4.8.4/../../../../arm-none-eabi/lib/armv6-m/libc_s.a(lib_a-impure.o)
 .text          0x0003c9b8        0x0 /home/arnaud/opt/gcc-arm-none-eabi/bin/../lib/gcc/arm-none-eabi/4.8.4/../../../../arm-none-eabi/lib/armv6-m/libc_s.a(lib_a-init.o)
 .text.__libc_init_array
                0x0003c9b8       0x4c /home/arnaud/opt/gcc-arm-none-eabi/bin/../lib/gcc/arm-none-eabi/4.8.4/../../../../arm-none-eabi/lib/armv6-m/libc_s.a(lib_a-init.o)
                0x0003c9b8                __libc_init_array
 .text          0x0003ca04        0x0 /home/arnaud/opt/gcc-arm-none-eabi/bin/../lib/gcc/arm-none-eabi/4.8.4/../../../../arm-none-eabi/lib/armv6-m/libc_s.a(lib_a-memcpy-stub.o)
 .text.memcpy   0x0003ca04       0x12 /home/arnaud/opt/gcc-arm-none-eabi/bin/../lib/gcc/arm-none-eabi/4.8.4/../../../../arm-none-eabi/lib/armv6-m/libc_s.a(lib_a-memcpy-stub.o)
                0x0003ca04                memcpy
 .text          0x0003ca16        0x0 /home/arnaud/opt/gcc-arm-none-eabi/bin/../lib/gcc/arm-none-eabi/4.8.4/../../../../arm-none-eabi/lib/armv6-m/libc_s.a(lib_a-memset.o)
 .text.memset   0x0003ca16       0x10 /home/arnaud/opt/gcc-arm-none-eabi/bin/../lib/gcc/arm-none-eabi/4.8.4/../../../../arm-none-eabi/lib/armv6-m/libc_s.a(lib_a-memset.o)
                0x0003ca16                memset
 .text          0x0003ca26        0x0 /home/arnaud/opt/gcc-arm-none-eabi/bin/../lib/gcc/arm-none-eabi/4.8.4/../../../../arm-none-eabi/lib/armv6-m/libc_s.a(lib_a-strlen.o)
 .text.strlen   0x0003ca26        0xe /home/arnaud/opt/gcc-arm-none-eabi/bin/../lib/gcc/arm-none-eabi/4.8.4/../../../../arm-none-eabi/lib/armv6-m/libc_s.a(lib_a-strlen.o)
                0x0003ca26                strlen
 .text          0x0003ca34        0x0 /home/arnaud/opt/gcc-arm-none-eabi/bin/../lib/gcc/arm-none-eabi/4.8.4/armv6-m/crtend.o
 .text          0x0003ca34        0x0 /home/arnaud/opt/gcc-arm-none-eabi/bin/../lib/gcc/arm-none-eabi/4.8.4/armv6-m/crtn.o
 .text          0x0003ca34        0x0 /home/arnaud/opt/gcc-arm-none-eabi/bin/../lib/gcc/arm-none-eabi/4.8.4/../../../../arm-none-eabi/lib/armv6-m/libnosys.a(_exit.o)
 .text._exit    0x0003ca34        0x4 /home/arnaud/opt/gcc-arm-none-eabi/bin/../lib/gcc/arm-none-eabi/4.8.4/../../../../arm-none-eabi/lib/armv6-m/libnosys.a(_exit.o)
                0x0003ca34                _exit
 *(.init)
 .init          0x0003ca38        0x4 /home/arnaud/opt/gcc-arm-none-eabi/bin/../lib/gcc/arm-none-eabi/4.8.4/armv6-m/crti.o
                0x0003ca38                _init
 .init          0x0003ca3c        0x8 /home/arnaud/opt/gcc-arm-none-eabi/bin/../lib/gcc/arm-none-eabi/4.8.4/armv6-m/crtn.o
 *(.fini)
 .fini          0x0003ca44        0x4 /home/arnaud/opt/gcc-arm-none-eabi/bin/../lib/gcc/arm-none-eabi/4.8.4/armv6-m/crti.o
                0x0003ca44                _fini
 .fini          0x0003ca48        0x8 /home/arnaud/opt/gcc-arm-none-eabi/bin/../lib/gcc/arm-none-eabi/4.8.4/armv6-m/crtn.o
 *crtbegin.o(.ctors)
 *crtbegin?.o(.ctors)
 *(EXCLUDE_FILE(*crtend.o *crtend?.o) .ctors)
 *(SORT(.ctors.*))
 *(.ctors)
 *crtbegin.o(.dtors)
 *crtbegin?.o(.dtors)
 *(EXCLUDE_FILE(*crtend.o *crtend?.o) .dtors)
 *(SORT(.dtors.*))
 *(.dtors)
 *(.rodata*)
 .rodata.str1.1
                0x0003ca50       0x35 nrf51_sdk/nrf51822/Source/ble/ble_services/ble_dis.o
 .rodata.str1.1
                0x0003ca85       0x39 nrf51_sdk/nrf51822/Source/sd_common/softdevice_handler.o
 .rodata.str1.1
                0x0003cabe       0x31 nrf51_sdk/nrf51822/Source/app_common/app_timer.o
 .rodata.str1.1
                0x0003caef        0xb src/main.o
 .rodata        0x0003cafa       0x14 src/ble.o
 .rodata.str1.1
                0x0003cb0e       0x1a src/ble.o
 .rodata.str1.1
                0x0003cb28        0x3 src/syslink.o
 .rodata.str1.1
                0x0003cb2b        0x2 /home/arnaud/opt/gcc-arm-none-eabi/bin/../lib/gcc/arm-none-eabi/4.8.4/../../../../arm-none-eabi/lib/armv6-m/libc_s.a(lib_a-impure.o)
 *fill*         0x0003cb2d        0x3 
 .rodata._global_impure_ptr
                0x0003cb30        0x4 /home/arnaud/opt/gcc-arm-none-eabi/bin/../lib/gcc/arm-none-eabi/4.8.4/../../../../arm-none-eabi/lib/armv6-m/libc_s.a(lib_a-impure.o)
                0x0003cb30                _global_impure_ptr
 *(.eh_frame*)
 .eh_frame      0x0003cb34        0x0 /home/arnaud/opt/gcc-arm-none-eabi/bin/../lib/gcc/arm-none-eabi/4.8.4/armv6-m/crtbegin.o
 .eh_frame      0x0003cb34        0x4 /home/arnaud/opt/gcc-arm-none-eabi/bin/../lib/gcc/arm-none-eabi/4.8.4/armv6-m/crtend.o

.glue_7         0x0003cb38        0x0
 .glue_7        0x00000000        0x0 linker stubs

.glue_7t        0x0003cb38        0x0
 .glue_7t       0x00000000        0x0 linker stubs

.vfp11_veneer   0x0003cb38        0x0
 .vfp11_veneer  0x00000000        0x0 linker stubs

.v4_bx          0x0003cb38        0x0
 .v4_bx         0x00000000        0x0 linker stubs

.iplt           0x0003cb38        0x0
 .iplt          0x00000000        0x0 /home/arnaud/opt/gcc-arm-none-eabi/bin/../lib/gcc/arm-none-eabi/4.8.4/armv6-m/crtbegin.o

.ARM.extab      0x0003cb38        0x0
 *(.ARM.extab* .gnu.linkonce.armextab.*)
 .ARM.extab     0x0003cb38        0x0 /home/arnaud/opt/gcc-arm-none-eabi/bin/../lib/gcc/arm-none-eabi/4.8.4/../../../../arm-none-eabi/lib/armv6-m/crt0.o
 .ARM.extab     0x0003cb38        0x0 gcc_startup_nrf51.o
                0x0003cb38                __exidx_start = .

.ARM.exidx      0x0003cb38        0x8
 *(.ARM.exidx* .gnu.linkonce.armexidx.*)
 .ARM.exidx     0x0003cb38        0x8 /home/arnaud/opt/gcc-arm-none-eabi/bin/../lib/gcc/arm-none-eabi/4.8.4/../../../../arm-none-eabi/lib/armv6-m/crt0.o
 .ARM.exidx     0x0003cb40        0x0 gcc_startup_nrf51.o
                                  0x8 (size before relaxing)
                0x0003cb40                __exidx_end = .
                0x0003cb40                __etext = .

.rel.dyn        0x0003cb40        0x0
 .rel.iplt      0x00000000        0x0 /home/arnaud/opt/gcc-arm-none-eabi/bin/../lib/gcc/arm-none-eabi/4.8.4/armv6-m/crtbegin.o

.data           0x20002000      0x52c load address 0x0003cb40
                0x20002000                __data_start__ = .
 *(vtable)
 *(.data*)
 .data          0x20002000        0x0 /home/arnaud/opt/gcc-arm-none-eabi/bin/../lib/gcc/arm-none-eabi/4.8.4/armv6-m/crti.o
 .data          0x20002000        0x4 /home/arnaud/opt/gcc-arm-none-eabi/bin/../lib/gcc/arm-none-eabi/4.8.4/armv6-m/crtbegin.o
                0x20002000                __dso_handle
 .data          0x20002004        0x0 /home/arnaud/opt/gcc-arm-none-eabi/bin/../lib/gcc/arm-none-eabi/4.8.4/../../../../arm-none-eabi/lib/armv6-m/crt0.o
 .data          0x20002004        0x0 nrf51_sdk/nrf51822/Source/ble/ble_advdata.o
 .data          0x20002004        0x0 nrf51_sdk/nrf51822/Source/ble/ble_conn_params.o
 .data          0x20002004        0x0 nrf51_sdk/nrf51822/Source/ble/ble_services/ble_srv_common.o
 .data          0x20002004        0x0 nrf51_sdk/nrf51822/Source/ble/ble_services/ble_dis.o
 .data          0x20002004        0x0 nrf51_sdk/nrf51822/Source/sd_common/softdevice_handler.o
 .data          0x20002004        0x0 nrf51_sdk/nrf51822/Source/app_common/app_timer.o
 .data          0x20002004       0x10 src/main.o
 .data          0x20002014        0x0 gcc_startup_nrf51.o
 .data          0x20002014        0x4 system_nrf51.o
                0x20002014                SystemCoreClock
 .data          0x20002018        0x0 src/button.o
 .data          0x20002018        0x0 src/systick.o
 .data          0x20002018        0x2 src/ble.o
 *fill*         0x2000201a        0x2 
 .data          0x2000201c       0x88 src/ble_crazyflies.o
 .data          0x200020a4        0x5 src/esb.o
 *fill*         0x200020a9        0x3 
 .data          0x200020ac       0x10 src/timeslot.o
 .data          0x200020bc      0x400 src/bootloader.o
 .data          0x200024bc        0x0 src/uart.o
 .data          0x200024bc        0x0 src/syslink.o
 .data          0x200024bc        0x0 src/crc.o
 .data          0x200024bc        0x0 /home/arnaud/opt/gcc-arm-none-eabi/bin/../lib/gcc/arm-none-eabi/4.8.4/armv6-m/libgcc.a(_thumb1_case_uqi.o)
 .data          0x200024bc        0x0 /home/arnaud/opt/gcc-arm-none-eabi/bin/../lib/gcc/arm-none-eabi/4.8.4/../../../../arm-none-eabi/lib/armv6-m/libc_s.a(lib_a-exit.o)
 .data          0x200024bc        0x0 /home/arnaud/opt/gcc-arm-none-eabi/bin/../lib/gcc/arm-none-eabi/4.8.4/../../../../arm-none-eabi/lib/armv6-m/libc_s.a(lib_a-impure.o)
 .data.impure_data
                0x200024bc       0x60 /home/arnaud/opt/gcc-arm-none-eabi/bin/../lib/gcc/arm-none-eabi/4.8.4/../../../../arm-none-eabi/lib/armv6-m/libc_s.a(lib_a-impure.o)
 .data._impure_ptr
                0x2000251c        0x4 /home/arnaud/opt/gcc-arm-none-eabi/bin/../lib/gcc/arm-none-eabi/4.8.4/../../../../arm-none-eabi/lib/armv6-m/libc_s.a(lib_a-impure.o)
                0x2000251c                _impure_ptr
 .data          0x20002520        0x0 /home/arnaud/opt/gcc-arm-none-eabi/bin/../lib/gcc/arm-none-eabi/4.8.4/../../../../arm-none-eabi/lib/armv6-m/libc_s.a(lib_a-init.o)
 .data          0x20002520        0x0 /home/arnaud/opt/gcc-arm-none-eabi/bin/../lib/gcc/arm-none-eabi/4.8.4/../../../../arm-none-eabi/lib/armv6-m/libc_s.a(lib_a-memcpy-stub.o)
 .data          0x20002520        0x0 /home/arnaud/opt/gcc-arm-none-eabi/bin/../lib/gcc/arm-none-eabi/4.8.4/../../../../arm-none-eabi/lib/armv6-m/libc_s.a(lib_a-memset.o)
 .data          0x20002520        0x0 /home/arnaud/opt/gcc-arm-none-eabi/bin/../lib/gcc/arm-none-eabi/4.8.4/../../../../arm-none-eabi/lib/armv6-m/libc_s.a(lib_a-strlen.o)
 .data          0x20002520        0x0 /home/arnaud/opt/gcc-arm-none-eabi/bin/../lib/gcc/arm-none-eabi/4.8.4/armv6-m/crtend.o
 .data          0x20002520        0x0 /home/arnaud/opt/gcc-arm-none-eabi/bin/../lib/gcc/arm-none-eabi/4.8.4/armv6-m/crtn.o
 .data          0x20002520        0x0 /home/arnaud/opt/gcc-arm-none-eabi/bin/../lib/gcc/arm-none-eabi/4.8.4/../../../../arm-none-eabi/lib/armv6-m/libnosys.a(_exit.o)
                0x20002520                . = ALIGN (0x4)
                0x20002520                PROVIDE (__preinit_array_start, .)
 *(.preinit_array)
                0x20002520                PROVIDE (__preinit_array_end, .)
                0x20002520                . = ALIGN (0x4)
                0x20002520                PROVIDE (__init_array_start, .)
 *(SORT(.init_array.*))
 *(.init_array)
 .init_array    0x20002520        0x4 /home/arnaud/opt/gcc-arm-none-eabi/bin/../lib/gcc/arm-none-eabi/4.8.4/armv6-m/crtbegin.o
                0x20002524                PROVIDE (__init_array_end, .)
                0x20002524                . = ALIGN (0x4)
                0x20002524                PROVIDE (__fini_array_start, .)
 *(SORT(.fini_array.*))
 *(.fini_array)
 .fini_array    0x20002524        0x4 /home/arnaud/opt/gcc-arm-none-eabi/bin/../lib/gcc/arm-none-eabi/4.8.4/armv6-m/crtbegin.o
                0x20002528                PROVIDE (__fini_array_end, .)
 *(.jcr)
 .jcr           0x20002528        0x0 /home/arnaud/opt/gcc-arm-none-eabi/bin/../lib/gcc/arm-none-eabi/4.8.4/armv6-m/crtbegin.o
 .jcr           0x20002528        0x4 /home/arnaud/opt/gcc-arm-none-eabi/bin/../lib/gcc/arm-none-eabi/4.8.4/armv6-m/crtend.o
                0x2000252c                . = ALIGN (0x4)
                0x2000252c                __data_end__ = .

.igot.plt       0x2000252c        0x0 load address 0x0003d06c
 .igot.plt      0x00000000        0x0 /home/arnaud/opt/gcc-arm-none-eabi/bin/../lib/gcc/arm-none-eabi/4.8.4/armv6-m/crtbegin.o

.bss            0x2000252c      0x760 load address 0x0003d06c
                0x2000252c                . = ALIGN (0x4)
                0x2000252c                __bss_start__ = .
 *(.bss*)
 .bss           0x2000252c        0x0 /home/arnaud/opt/gcc-arm-none-eabi/bin/../lib/gcc/arm-none-eabi/4.8.4/armv6-m/crti.o
 .bss           0x2000252c       0x1c /home/arnaud/opt/gcc-arm-none-eabi/bin/../lib/gcc/arm-none-eabi/4.8.4/armv6-m/crtbegin.o
 .bss           0x20002548        0x0 /home/arnaud/opt/gcc-arm-none-eabi/bin/../lib/gcc/arm-none-eabi/4.8.4/../../../../arm-none-eabi/lib/armv6-m/crt0.o
 .bss           0x20002548        0x0 nrf51_sdk/nrf51822/Source/ble/ble_advdata.o
 .bss           0x20002548       0x38 nrf51_sdk/nrf51822/Source/ble/ble_conn_params.o
 .bss           0x20002580        0x0 nrf51_sdk/nrf51822/Source/ble/ble_services/ble_srv_common.o
 .bss           0x20002580       0x4a nrf51_sdk/nrf51822/Source/ble/ble_services/ble_dis.o
 *fill*         0x200025ca        0x2 
 .bss           0x200025cc       0x18 nrf51_sdk/nrf51822/Source/sd_common/softdevice_handler.o
 .bss           0x200025e4       0x2c nrf51_sdk/nrf51822/Source/app_common/app_timer.o
 .bss           0x20002610      0x308 src/main.o
 .bss           0x20002918        0x0 gcc_startup_nrf51.o
 .bss           0x20002918        0x0 system_nrf51.o
 .bss           0x20002918       0x10 src/button.o
 .bss           0x20002928        0x4 src/systick.o
 .bss           0x2000292c       0x6c src/ble.o
 .bss           0x20002998       0x84 src/ble_crazyflies.o
 .bss           0x20002a1c      0x1ac src/esb.o
 .bss           0x20002bc8        0x8 src/timeslot.o
 .bss           0x20002bd0       0x14 src/bootloader.o
 .bss           0x20002be4       0x98 src/uart.o
                0x20002c78                error
 .bss           0x20002c7c       0x10 src/syslink.o
 .bss           0x20002c8c        0x0 src/crc.o
 .bss           0x20002c8c        0x0 /home/arnaud/opt/gcc-arm-none-eabi/bin/../lib/gcc/arm-none-eabi/4.8.4/armv6-m/libgcc.a(_thumb1_case_uqi.o)
 .bss           0x20002c8c        0x0 /home/arnaud/opt/gcc-arm-none-eabi/bin/../lib/gcc/arm-none-eabi/4.8.4/../../../../arm-none-eabi/lib/armv6-m/libc_s.a(lib_a-exit.o)
 .bss           0x20002c8c        0x0 /home/arnaud/opt/gcc-arm-none-eabi/bin/../lib/gcc/arm-none-eabi/4.8.4/../../../../arm-none-eabi/lib/armv6-m/libc_s.a(lib_a-impure.o)
 .bss           0x20002c8c        0x0 /home/arnaud/opt/gcc-arm-none-eabi/bin/../lib/gcc/arm-none-eabi/4.8.4/../../../../arm-none-eabi/lib/armv6-m/libc_s.a(lib_a-init.o)
 .bss           0x20002c8c        0x0 /home/arnaud/opt/gcc-arm-none-eabi/bin/../lib/gcc/arm-none-eabi/4.8.4/../../../../arm-none-eabi/lib/armv6-m/libc_s.a(lib_a-memcpy-stub.o)
 .bss           0x20002c8c        0x0 /home/arnaud/opt/gcc-arm-none-eabi/bin/../lib/gcc/arm-none-eabi/4.8.4/../../../../arm-none-eabi/lib/armv6-m/libc_s.a(lib_a-memset.o)
 .bss           0x20002c8c        0x0 /home/arnaud/opt/gcc-arm-none-eabi/bin/../lib/gcc/arm-none-eabi/4.8.4/../../../../arm-none-eabi/lib/armv6-m/libc_s.a(lib_a-strlen.o)
 .bss           0x20002c8c        0x0 /home/arnaud/opt/gcc-arm-none-eabi/bin/../lib/gcc/arm-none-eabi/4.8.4/armv6-m/crtend.o
 .bss           0x20002c8c        0x0 /home/arnaud/opt/gcc-arm-none-eabi/bin/../lib/gcc/arm-none-eabi/4.8.4/armv6-m/crtn.o
 .bss           0x20002c8c        0x0 /home/arnaud/opt/gcc-arm-none-eabi/bin/../lib/gcc/arm-none-eabi/4.8.4/../../../../arm-none-eabi/lib/armv6-m/libnosys.a(_exit.o)
 *(COMMON)
                0x20002c8c                . = ALIGN (0x4)
                0x20002c8c                __bss_end__ = .

.heap           0x20002c90      0x800
                0x20002c90                __end__ = .
                0x20002c90                end = __end__
 *(.heap*)
 .heap          0x20002c90      0x800 gcc_startup_nrf51.o
                0x20002c90                __HeapBase
                0x20003490                __HeapLimit = .

.stack_dummy    0x20002c90      0x800
 *(.stack*)
 .stack         0x20002c90      0x800 gcc_startup_nrf51.o
                0x20004000                __StackTop = (ORIGIN (RAM) + 0x2000)
                0x20003800                __StackLimit = (__StackTop - SIZEOF (.stack_dummy))
                0x20004000                PROVIDE (__stack, __StackTop)
                0x00000001                ASSERT ((__StackLimit >= __HeapLimit), region RAM overflowed with stack)
OUTPUT(cload_nrf.elf elf32-littlearm)

.ARM.attributes
                0x00000000       0x28
 .ARM.attributes
                0x00000000       0x1e /home/arnaud/opt/gcc-arm-none-eabi/bin/../lib/gcc/arm-none-eabi/4.8.4/armv6-m/crti.o
 .ARM.attributes
                0x0000001e       0x2c /home/arnaud/opt/gcc-arm-none-eabi/bin/../lib/gcc/arm-none-eabi/4.8.4/armv6-m/crtbegin.o
 .ARM.attributes
                0x0000004a       0x1b /home/arnaud/opt/gcc-arm-none-eabi/bin/../lib/gcc/arm-none-eabi/4.8.4/../../../../arm-none-eabi/lib/armv6-m/crt0.o
 .ARM.attributes
                0x00000065       0x31 nrf51_sdk/nrf51822/Source/ble/ble_advdata.o
 .ARM.attributes
                0x00000096       0x31 nrf51_sdk/nrf51822/Source/ble/ble_conn_params.o
 .ARM.attributes
                0x000000c7       0x31 nrf51_sdk/nrf51822/Source/ble/ble_services/ble_srv_common.o
 .ARM.attributes
                0x000000f8       0x31 nrf51_sdk/nrf51822/Source/ble/ble_services/ble_dis.o
 .ARM.attributes
                0x00000129       0x31 nrf51_sdk/nrf51822/Source/sd_common/softdevice_handler.o
 .ARM.attributes
                0x0000015a       0x31 nrf51_sdk/nrf51822/Source/app_common/app_timer.o
 .ARM.attributes
                0x0000018b       0x31 src/main.o
 .ARM.attributes
                0x000001bc       0x1b gcc_startup_nrf51.o
 .ARM.attributes
                0x000001d7       0x31 system_nrf51.o
 .ARM.attributes
                0x00000208       0x31 src/button.o
 .ARM.attributes
                0x00000239       0x31 src/systick.o
 .ARM.attributes
                0x0000026a       0x31 src/ble.o
 .ARM.attributes
                0x0000029b       0x31 src/ble_crazyflies.o
 .ARM.attributes
                0x000002cc       0x31 src/esb.o
 .ARM.attributes
                0x000002fd       0x31 src/timeslot.o
 .ARM.attributes
                0x0000032e       0x31 src/bootloader.o
 .ARM.attributes
                0x0000035f       0x31 src/uart.o
 .ARM.attributes
                0x00000390       0x31 src/syslink.o
 .ARM.attributes
                0x000003c1       0x31 src/crc.o
 .ARM.attributes
                0x000003f2       0x1e /home/arnaud/opt/gcc-arm-none-eabi/bin/../lib/gcc/arm-none-eabi/4.8.4/armv6-m/libgcc.a(_thumb1_case_uqi.o)
 .ARM.attributes
                0x00000410       0x2c /home/arnaud/opt/gcc-arm-none-eabi/bin/../lib/gcc/arm-none-eabi/4.8.4/../../../../arm-none-eabi/lib/armv6-m/libc_s.a(lib_a-exit.o)
 .ARM.attributes
                0x0000043c       0x2c /home/arnaud/opt/gcc-arm-none-eabi/bin/../lib/gcc/arm-none-eabi/4.8.4/../../../../arm-none-eabi/lib/armv6-m/libc_s.a(lib_a-impure.o)
 .ARM.attributes
                0x00000468       0x2c /home/arnaud/opt/gcc-arm-none-eabi/bin/../lib/gcc/arm-none-eabi/4.8.4/../../../../arm-none-eabi/lib/armv6-m/libc_s.a(lib_a-init.o)
 .ARM.attributes
                0x00000494       0x2c /home/arnaud/opt/gcc-arm-none-eabi/bin/../lib/gcc/arm-none-eabi/4.8.4/../../../../arm-none-eabi/lib/armv6-m/libc_s.a(lib_a-memcpy-stub.o)
 .ARM.attributes
                0x000004c0       0x2c /home/arnaud/opt/gcc-arm-none-eabi/bin/../lib/gcc/arm-none-eabi/4.8.4/../../../../arm-none-eabi/lib/armv6-m/libc_s.a(lib_a-memset.o)
 .ARM.attributes
                0x000004ec       0x2c /home/arnaud/opt/gcc-arm-none-eabi/bin/../lib/gcc/arm-none-eabi/4.8.4/../../../../arm-none-eabi/lib/armv6-m/libc_s.a(lib_a-strlen.o)
 .ARM.attributes
                0x00000518       0x2c /home/arnaud/opt/gcc-arm-none-eabi/bin/../lib/gcc/arm-none-eabi/4.8.4/armv6-m/crtend.o
 .ARM.attributes
                0x00000544       0x1e /home/arnaud/opt/gcc-arm-none-eabi/bin/../lib/gcc/arm-none-eabi/4.8.4/armv6-m/crtn.o
 .ARM.attributes
                0x00000562       0x2c /home/arnaud/opt/gcc-arm-none-eabi/bin/../lib/gcc/arm-none-eabi/4.8.4/../../../../arm-none-eabi/lib/armv6-m/libnosys.a(_exit.o)

.comment        0x00000000       0x70
 .comment       0x00000000       0x70 nrf51_sdk/nrf51822/Source/ble/ble_advdata.o
                                 0x71 (size before relaxing)
 .comment       0x00000000       0x71 nrf51_sdk/nrf51822/Source/ble/ble_conn_params.o
 .comment       0x00000000       0x71 nrf51_sdk/nrf51822/Source/ble/ble_services/ble_srv_common.o
 .comment       0x00000000       0x71 nrf51_sdk/nrf51822/Source/ble/ble_services/ble_dis.o
 .comment       0x00000000       0x71 nrf51_sdk/nrf51822/Source/sd_common/softdevice_handler.o
 .comment       0x00000000       0x71 nrf51_sdk/nrf51822/Source/app_common/app_timer.o
 .comment       0x00000000       0x71 src/main.o
 .comment       0x00000000       0x71 system_nrf51.o
 .comment       0x00000000       0x71 src/button.o
 .comment       0x00000000       0x71 src/systick.o
 .comment       0x00000000       0x71 src/ble.o
 .comment       0x00000000       0x71 src/ble_crazyflies.o
 .comment       0x00000000       0x71 src/esb.o
 .comment       0x00000000       0x71 src/timeslot.o
 .comment       0x00000000       0x71 src/bootloader.o
 .comment       0x00000000       0x71 src/uart.o
 .comment       0x00000000       0x71 src/syslink.o
 .comment       0x00000000       0x71 src/crc.o

.debug_info     0x00000000     0xfd8a
 .debug_info    0x00000000      0xf3d nrf51_sdk/nrf51822/Source/ble/ble_advdata.o
 .debug_info    0x00000f3d     0x1964 nrf51_sdk/nrf51822/Source/ble/ble_conn_params.o
 .debug_info    0x000028a1      0x1cf nrf51_sdk/nrf51822/Source/ble/ble_services/ble_srv_common.o
 .debug_info    0x00002a70      0xcd1 nrf51_sdk/nrf51822/Source/ble/ble_services/ble_dis.o
 .debug_info    0x00003741     0x17c8 nrf51_sdk/nrf51822/Source/sd_common/softdevice_handler.o
 .debug_info    0x00004f09     0x19e3 nrf51_sdk/nrf51822/Source/app_common/app_timer.o
 .debug_info    0x000068ec     0x18ed src/main.o
 .debug_info    0x000081d9      0x1f8 system_nrf51.o
 .debug_info    0x000083d1      0x2f6 src/button.o
 .debug_info    0x000086c7      0x4e5 src/systick.o
 .debug_info    0x00008bac     0x245e src/ble.o
 .debug_info    0x0000b00a     0x1a05 src/ble_crazyflies.o
 .debug_info    0x0000ca0f      0xcb4 src/esb.o
 .debug_info    0x0000d6c3      0xa26 src/timeslot.o
 .debug_info    0x0000e0e9      0xfee src/bootloader.o
 .debug_info    0x0000f0d7      0x847 src/uart.o
 .debug_info    0x0000f91e      0x2a8 src/syslink.o
 .debug_info    0x0000fbc6      0x1c4 src/crc.o

.debug_abbrev   0x00000000     0x2fab
 .debug_abbrev  0x00000000      0x2df nrf51_sdk/nrf51822/Source/ble/ble_advdata.o
 .debug_abbrev  0x000002df      0x3fa nrf51_sdk/nrf51822/Source/ble/ble_conn_params.o
 .debug_abbrev  0x000006d9       0xfa nrf51_sdk/nrf51822/Source/ble/ble_services/ble_srv_common.o
 .debug_abbrev  0x000007d3      0x291 nrf51_sdk/nrf51822/Source/ble/ble_services/ble_dis.o
 .debug_abbrev  0x00000a64      0x372 nrf51_sdk/nrf51822/Source/sd_common/softdevice_handler.o
 .debug_abbrev  0x00000dd6      0x41f nrf51_sdk/nrf51822/Source/app_common/app_timer.o
 .debug_abbrev  0x000011f5      0x42b src/main.o
 .debug_abbrev  0x00001620      0x10d system_nrf51.o
 .debug_abbrev  0x0000172d      0x181 src/button.o
 .debug_abbrev  0x000018ae      0x14b src/systick.o
 .debug_abbrev  0x000019f9      0x441 src/ble.o
 .debug_abbrev  0x00001e3a      0x330 src/ble_crazyflies.o
 .debug_abbrev  0x0000216a      0x39a src/esb.o
 .debug_abbrev  0x00002504      0x269 src/timeslot.o
 .debug_abbrev  0x0000276d      0x3a0 src/bootloader.o
 .debug_abbrev  0x00002b0d      0x226 src/uart.o
 .debug_abbrev  0x00002d33      0x153 src/syslink.o
 .debug_abbrev  0x00002e86      0x125 src/crc.o

.debug_loc      0x00000000     0x31e5
 .debug_loc     0x00000000      0x930 nrf51_sdk/nrf51822/Source/ble/ble_advdata.o
 .debug_loc     0x00000930      0x314 nrf51_sdk/nrf51822/Source/ble/ble_conn_params.o
 .debug_loc     0x00000c44       0x9a nrf51_sdk/nrf51822/Source/ble/ble_services/ble_srv_common.o
 .debug_loc     0x00000cde      0x322 nrf51_sdk/nrf51822/Source/ble/ble_services/ble_dis.o
 .debug_loc     0x00001000      0x2e0 nrf51_sdk/nrf51822/Source/sd_common/softdevice_handler.o
 .debug_loc     0x000012e0      0xd2a nrf51_sdk/nrf51822/Source/app_common/app_timer.o
 .debug_loc     0x0000200a      0x12f src/main.o
 .debug_loc     0x00002139      0x34c src/ble.o
 .debug_loc     0x00002485      0x178 src/ble_crazyflies.o
 .debug_loc     0x000025fd      0x20d src/esb.o
 .debug_loc     0x0000280a      0x11d src/timeslot.o
 .debug_loc     0x00002927      0x429 src/bootloader.o
 .debug_loc     0x00002d50       0xf8 src/uart.o
 .debug_loc     0x00002e48      0x1d2 src/syslink.o
 .debug_loc     0x0000301a      0x1cb src/crc.o

.debug_aranges  0x00000000      0x270
 .debug_aranges
                0x00000000       0x20 nrf51_sdk/nrf51822/Source/ble/ble_advdata.o
 .debug_aranges
                0x00000020       0x20 nrf51_sdk/nrf51822/Source/ble/ble_conn_params.o
 .debug_aranges
                0x00000040       0x20 nrf51_sdk/nrf51822/Source/ble/ble_services/ble_srv_common.o
 .debug_aranges
                0x00000060       0x20 nrf51_sdk/nrf51822/Source/ble/ble_services/ble_dis.o
 .debug_aranges
                0x00000080       0x20 nrf51_sdk/nrf51822/Source/sd_common/softdevice_handler.o
 .debug_aranges
                0x000000a0       0x20 nrf51_sdk/nrf51822/Source/app_common/app_timer.o
 .debug_aranges
                0x000000c0       0x28 src/main.o
 .debug_aranges
                0x000000e8       0x20 system_nrf51.o
 .debug_aranges
                0x00000108       0x20 src/button.o
 .debug_aranges
                0x00000128       0x20 src/systick.o
 .debug_aranges
                0x00000148       0x48 src/ble.o
 .debug_aranges
                0x00000190       0x20 src/ble_crazyflies.o
 .debug_aranges
                0x000001b0       0x20 src/esb.o
 .debug_aranges
                0x000001d0       0x20 src/timeslot.o
 .debug_aranges
                0x000001f0       0x20 src/bootloader.o
 .debug_aranges
                0x00000210       0x20 src/uart.o
 .debug_aranges
                0x00000230       0x20 src/syslink.o
 .debug_aranges
                0x00000250       0x20 src/crc.o

.debug_ranges   0x00000000      0x5c0
 .debug_ranges  0x00000000       0xd0 nrf51_sdk/nrf51822/Source/ble/ble_advdata.o
 .debug_ranges  0x000000d0       0x10 nrf51_sdk/nrf51822/Source/ble/ble_conn_params.o
 .debug_ranges  0x000000e0       0x10 nrf51_sdk/nrf51822/Source/ble/ble_services/ble_dis.o
 .debug_ranges  0x000000f0       0x10 nrf51_sdk/nrf51822/Source/sd_common/softdevice_handler.o
 .debug_ranges  0x00000100      0x320 nrf51_sdk/nrf51822/Source/app_common/app_timer.o
 .debug_ranges  0x00000420       0x60 src/main.o
 .debug_ranges  0x00000480       0x18 system_nrf51.o
 .debug_ranges  0x00000498       0x18 src/button.o
 .debug_ranges  0x000004b0       0x68 src/ble.o
 .debug_ranges  0x00000518       0x10 src/ble_crazyflies.o
 .debug_ranges  0x00000528       0x18 src/esb.o
 .debug_ranges  0x00000540       0x10 src/timeslot.o
 .debug_ranges  0x00000550       0x58 src/bootloader.o
 .debug_ranges  0x000005a8       0x18 src/uart.o

.debug_macro    0x00000000     0xd5c4
 .debug_macro   0x00000000      0x1c9 nrf51_sdk/nrf51822/Source/ble/ble_advdata.o
 .debug_macro   0x000001c9      0x814 nrf51_sdk/nrf51822/Source/ble/ble_advdata.o
 .debug_macro   0x000009dd       0x16 nrf51_sdk/nrf51822/Source/ble/ble_advdata.o
 .debug_macro   0x000009f3       0x44 nrf51_sdk/nrf51822/Source/ble/ble_advdata.o
 .debug_macro   0x00000a37      0x209 nrf51_sdk/nrf51822/Source/ble/ble_advdata.o
 .debug_macro   0x00000c40       0x22 nrf51_sdk/nrf51822/Source/ble/ble_advdata.o
 .debug_macro   0x00000c62       0x58 nrf51_sdk/nrf51822/Source/ble/ble_advdata.o
 .debug_macro   0x00000cba       0x35 nrf51_sdk/nrf51822/Source/ble/ble_advdata.o
 .debug_macro   0x00000cef       0xa2 nrf51_sdk/nrf51822/Source/ble/ble_advdata.o
 .debug_macro   0x00000d91      0x166 nrf51_sdk/nrf51822/Source/ble/ble_advdata.o
 .debug_macro   0x00000ef7       0x52 nrf51_sdk/nrf51822/Source/ble/ble_advdata.o
 .debug_macro   0x00000f49       0x16 nrf51_sdk/nrf51822/Source/ble/ble_advdata.o
 .debug_macro   0x00000f5f       0x43 nrf51_sdk/nrf51822/Source/ble/ble_advdata.o
 .debug_macro   0x00000fa2      0x180 nrf51_sdk/nrf51822/Source/ble/ble_advdata.o
 .debug_macro   0x00001122      0x2a6 nrf51_sdk/nrf51822/Source/ble/ble_advdata.o
 .debug_macro   0x000013c8       0x10 nrf51_sdk/nrf51822/Source/ble/ble_advdata.o
 .debug_macro   0x000013d8       0x35 nrf51_sdk/nrf51822/Source/ble/ble_advdata.o
 .debug_macro   0x0000140d       0x1f nrf51_sdk/nrf51822/Source/ble/ble_advdata.o
 .debug_macro   0x0000142c       0xd6 nrf51_sdk/nrf51822/Source/ble/ble_advdata.o
 .debug_macro   0x00001502      0x1e1 nrf51_sdk/nrf51822/Source/ble/ble_advdata.o
 .debug_macro   0x000016e3       0x10 nrf51_sdk/nrf51822/Source/ble/ble_advdata.o
 .debug_macro   0x000016f3      0x308 nrf51_sdk/nrf51822/Source/ble/ble_advdata.o
 .debug_macro   0x000019fb       0x8e nrf51_sdk/nrf51822/Source/ble/ble_advdata.o
 .debug_macro   0x00001a89       0x34 nrf51_sdk/nrf51822/Source/ble/ble_advdata.o
 .debug_macro   0x00001abd       0x22 nrf51_sdk/nrf51822/Source/ble/ble_advdata.o
 .debug_macro   0x00001adf      0x1d5 nrf51_sdk/nrf51822/Source/ble/ble_advdata.o
 .debug_macro   0x00001cb4       0x16 nrf51_sdk/nrf51822/Source/ble/ble_advdata.o
 .debug_macro   0x00001cca       0xb8 nrf51_sdk/nrf51822/Source/ble/ble_advdata.o
 .debug_macro   0x00001d82       0x1c nrf51_sdk/nrf51822/Source/ble/ble_advdata.o
 .debug_macro   0x00001d9e       0x1c nrf51_sdk/nrf51822/Source/ble/ble_advdata.o
 .debug_macro   0x00001dba       0x22 nrf51_sdk/nrf51822/Source/ble/ble_advdata.o
 .debug_macro   0x00001ddc       0xf4 nrf51_sdk/nrf51822/Source/ble/ble_advdata.o
 .debug_macro   0x00001ed0      0x245 nrf51_sdk/nrf51822/Source/ble/ble_advdata.o
 .debug_macro   0x00002115      0x23a nrf51_sdk/nrf51822/Source/ble/ble_conn_params.o
 .debug_macro   0x0000234f       0x16 nrf51_sdk/nrf51822/Source/ble/ble_conn_params.o
 .debug_macro   0x00002365      0x10e nrf51_sdk/nrf51822/Source/ble/ble_conn_params.o
 .debug_macro   0x00002473       0x7f nrf51_sdk/nrf51822/Source/ble/ble_conn_params.o
 .debug_macro   0x000024f2       0x16 nrf51_sdk/nrf51822/Source/ble/ble_conn_params.o
 .debug_macro   0x00002508       0x29 nrf51_sdk/nrf51822/Source/ble/ble_conn_params.o
 .debug_macro   0x00002531       0xa6 nrf51_sdk/nrf51822/Source/ble/ble_conn_params.o
 .debug_macro   0x000025d7       0x1c nrf51_sdk/nrf51822/Source/ble/ble_conn_params.o
 .debug_macro   0x000025f3       0x10 nrf51_sdk/nrf51822/Source/ble/ble_conn_params.o
 .debug_macro   0x00002603       0x10 nrf51_sdk/nrf51822/Source/ble/ble_conn_params.o
 .debug_macro   0x00002613       0x22 nrf51_sdk/nrf51822/Source/ble/ble_conn_params.o
 .debug_macro   0x00002635       0xbd nrf51_sdk/nrf51822/Source/ble/ble_conn_params.o
 .debug_macro   0x000026f2       0x16 nrf51_sdk/nrf51822/Source/ble/ble_conn_params.o
 .debug_macro   0x00002708      0x16c nrf51_sdk/nrf51822/Source/ble/ble_conn_params.o
 .debug_macro   0x00002874       0x16 nrf51_sdk/nrf51822/Source/ble/ble_conn_params.o
 .debug_macro   0x0000288a       0x1c nrf51_sdk/nrf51822/Source/ble/ble_conn_params.o
 .debug_macro   0x000028a6       0x41 nrf51_sdk/nrf51822/Source/ble/ble_conn_params.o
 .debug_macro   0x000028e7      0x177 nrf51_sdk/nrf51822/Source/ble/ble_services/ble_srv_common.o
 .debug_macro   0x00002a5e      0x203 nrf51_sdk/nrf51822/Source/ble/ble_services/ble_dis.o
 .debug_macro   0x00002c61       0x10 nrf51_sdk/nrf51822/Source/ble/ble_services/ble_dis.o
 .debug_macro   0x00002c71       0xb2 nrf51_sdk/nrf51822/Source/ble/ble_services/ble_dis.o
 .debug_macro   0x00002d23      0x259 nrf51_sdk/nrf51822/Source/sd_common/softdevice_handler.o
 .debug_macro   0x00002f7c       0x4a nrf51_sdk/nrf51822/Source/sd_common/softdevice_handler.o
 .debug_macro   0x00002fc6       0x22 nrf51_sdk/nrf51822/Source/sd_common/softdevice_handler.o
 .debug_macro   0x00002fe8       0x3a nrf51_sdk/nrf51822/Source/sd_common/softdevice_handler.o
 .debug_macro   0x00003022      0x20f nrf51_sdk/nrf51822/Source/sd_common/softdevice_handler.o
 .debug_macro   0x00003231       0x1f nrf51_sdk/nrf51822/Source/sd_common/softdevice_handler.o
 .debug_macro   0x00003250      0x242 nrf51_sdk/nrf51822/Source/sd_common/softdevice_handler.o
 .debug_macro   0x00003492      0x1d2 nrf51_sdk/nrf51822/Source/sd_common/softdevice_handler.o
 .debug_macro   0x00003664     0x74a3 nrf51_sdk/nrf51822/Source/sd_common/softdevice_handler.o
 .debug_macro   0x0000ab07       0x40 nrf51_sdk/nrf51822/Source/sd_common/softdevice_handler.o
 .debug_macro   0x0000ab47       0x64 nrf51_sdk/nrf51822/Source/sd_common/softdevice_handler.o
 .debug_macro   0x0000abab       0x1c nrf51_sdk/nrf51822/Source/sd_common/softdevice_handler.o
 .debug_macro   0x0000abc7       0x16 nrf51_sdk/nrf51822/Source/sd_common/softdevice_handler.o
 .debug_macro   0x0000abdd       0x10 nrf51_sdk/nrf51822/Source/sd_common/softdevice_handler.o
 .debug_macro   0x0000abed      0x30e nrf51_sdk/nrf51822/Source/sd_common/softdevice_handler.o
 .debug_macro   0x0000aefb       0x3a nrf51_sdk/nrf51822/Source/sd_common/softdevice_handler.o
 .debug_macro   0x0000af35       0x10 nrf51_sdk/nrf51822/Source/sd_common/softdevice_handler.o
 .debug_macro   0x0000af45       0x10 nrf51_sdk/nrf51822/Source/sd_common/softdevice_handler.o
 .debug_macro   0x0000af55       0x16 nrf51_sdk/nrf51822/Source/sd_common/softdevice_handler.o
 .debug_macro   0x0000af6b       0x10 nrf51_sdk/nrf51822/Source/sd_common/softdevice_handler.o
 .debug_macro   0x0000af7b      0x27d nrf51_sdk/nrf51822/Source/app_common/app_timer.o
 .debug_macro   0x0000b1f8       0x16 nrf51_sdk/nrf51822/Source/app_common/app_timer.o
 .debug_macro   0x0000b20e       0x97 nrf51_sdk/nrf51822/Source/app_common/app_timer.o
 .debug_macro   0x0000b2a5       0xef nrf51_sdk/nrf51822/Source/app_common/app_timer.o
 .debug_macro   0x0000b394      0x963 nrf51_sdk/nrf51822/Source/app_common/app_timer.o
 .debug_macro   0x0000bcf7       0x28 nrf51_sdk/nrf51822/Source/app_common/app_timer.o
 .debug_macro   0x0000bd1f      0x357 src/main.o
 .debug_macro   0x0000c076       0xbe src/main.o
 .debug_macro   0x0000c134       0x28 src/main.o
 .debug_macro   0x0000c15c       0x4c src/main.o
 .debug_macro   0x0000c1a8       0x1c src/main.o
 .debug_macro   0x0000c1c4       0x10 src/main.o
 .debug_macro   0x0000c1d4       0x83 src/main.o
 .debug_macro   0x0000c257       0xbe system_nrf51.o
 .debug_macro   0x0000c315       0xe4 src/button.o
 .debug_macro   0x0000c3f9       0xab src/systick.o
 .debug_macro   0x0000c4a4      0x41a src/ble.o
 .debug_macro   0x0000c8be       0x3a src/ble.o
 .debug_macro   0x0000c8f8       0x16 src/ble.o
 .debug_macro   0x0000c90e       0x46 src/ble.o
 .debug_macro   0x0000c954       0x16 src/ble.o
 .debug_macro   0x0000c96a       0x2e src/ble.o
 .debug_macro   0x0000c998      0x1c7 src/ble_crazyflies.o
 .debug_macro   0x0000cb5f      0x1db src/ble_crazyflies.o
 .debug_macro   0x0000cd3a      0x1ce src/esb.o
 .debug_macro   0x0000cf08      0x1a5 src/timeslot.o
 .debug_macro   0x0000d0ad      0x221 src/bootloader.o
 .debug_macro   0x0000d2ce       0x46 src/bootloader.o
 .debug_macro   0x0000d314       0xcd src/uart.o
 .debug_macro   0x0000d3e1       0xe8 src/syslink.o
 .debug_macro   0x0000d4c9       0x46 src/syslink.o
 .debug_macro   0x0000d50f       0x75 src/crc.o
 .debug_macro   0x0000d584       0x40 src/crc.o

.debug_line     0x00000000     0x4fbf
 .debug_line    0x00000000      0x5c6 nrf51_sdk/nrf51822/Source/ble/ble_advdata.o
 .debug_line    0x000005c6      0x51e nrf51_sdk/nrf51822/Source/ble/ble_conn_params.o
 .debug_line    0x00000ae4      0x3ec nrf51_sdk/nrf51822/Source/ble/ble_services/ble_srv_common.o
 .debug_line    0x00000ed0      0x4dd nrf51_sdk/nrf51822/Source/ble/ble_services/ble_dis.o
 .debug_line    0x000013ad      0x569 nrf51_sdk/nrf51822/Source/sd_common/softdevice_handler.o
 .debug_line    0x00001916      0x841 nrf51_sdk/nrf51822/Source/app_common/app_timer.o
 .debug_line    0x00002157      0x6b3 src/main.o
 .debug_line    0x0000280a      0x255 system_nrf51.o
 .debug_line    0x00002a5f      0x2b6 src/button.o
 .debug_line    0x00002d15      0x24b src/systick.o
 .debug_line    0x00002f60      0x786 src/ble.o
 .debug_line    0x000036e6      0x49b src/ble_crazyflies.o
 .debug_line    0x00003b81      0x41f src/esb.o
 .debug_line    0x00003fa0      0x376 src/timeslot.o
 .debug_line    0x00004316      0x54e src/bootloader.o
 .debug_line    0x00004864      0x2cf src/uart.o
 .debug_line    0x00004b33      0x2d4 src/syslink.o
 .debug_line    0x00004e07      0x1b8 src/crc.o

.debug_str      0x00000000    0x3de69
 .debug_str     0x00000000     0xa7b2 nrf51_sdk/nrf51822/Source/ble/ble_advdata.o
                               0xaa0f (size before relaxing)
 .debug_str     0x0000a7b2     0x270f nrf51_sdk/nrf51822/Source/ble/ble_conn_params.o
                               0xbc53 (size before relaxing)
 .debug_str     0x0000cec1       0xe4 nrf51_sdk/nrf51822/Source/ble/ble_services/ble_srv_common.o
                               0x9caf (size before relaxing)
 .debug_str     0x0000cfa5      0x673 nrf51_sdk/nrf51822/Source/ble/ble_services/ble_dis.o
                               0xab0b (size before relaxing)
 .debug_str     0x0000d618    0x29bf1 nrf51_sdk/nrf51822/Source/sd_common/softdevice_handler.o
                              0x32f37 (size before relaxing)
 .debug_str     0x00037209     0x3e2d nrf51_sdk/nrf51822/Source/app_common/app_timer.o
                              0x32d75 (size before relaxing)
 .debug_str     0x0003b036      0xfc1 src/main.o
                              0x379aa (size before relaxing)
 .debug_str     0x0003bff7       0xf0 system_nrf51.o
                              0x2ea9c (size before relaxing)
 .debug_str     0x0003c0e7       0x53 src/button.o
                              0x2ee9e (size before relaxing)
 .debug_str     0x0003c13a       0x25 src/systick.o
                              0x2ec32 (size before relaxing)
 .debug_str     0x0003c15f      0xc2d src/ble.o
                              0x39cc5 (size before relaxing)
 .debug_str     0x0003cd8c      0x154 src/ble_crazyflies.o
                               0xa2bb (size before relaxing)
 .debug_str     0x0003cee0      0x3c5 src/esb.o
                              0x31720 (size before relaxing)
 .debug_str     0x0003d2a5      0x555 src/timeslot.o
                              0x317bc (size before relaxing)
 .debug_str     0x0003d7fa      0x35f src/bootloader.o
                              0x35cb5 (size before relaxing)
 .debug_str     0x0003db59      0x152 src/uart.o
                              0x2efe2 (size before relaxing)
 .debug_str     0x0003dcab       0xc3 src/syslink.o
                              0x2ee31 (size before relaxing)
 .debug_str     0x0003dd6e       0xfb src/crc.o
                               0x2f31 (size before relaxing)

.debug_frame    0x00000000      0xc4c
 .debug_frame   0x00000000       0xd4 nrf51_sdk/nrf51822/Source/ble/ble_advdata.o
 .debug_frame   0x000000d4       0xf8 nrf51_sdk/nrf51822/Source/ble/ble_conn_params.o
 .debug_frame   0x000001cc       0x3c nrf51_sdk/nrf51822/Source/ble/ble_services/ble_srv_common.o
 .debug_frame   0x00000208       0x70 nrf51_sdk/nrf51822/Source/ble/ble_services/ble_dis.o
 .debug_frame   0x00000278      0x108 nrf51_sdk/nrf51822/Source/sd_common/softdevice_handler.o
 .debug_frame   0x00000380      0x168 nrf51_sdk/nrf51822/Source/app_common/app_timer.o
 .debug_frame   0x000004e8       0x90 src/main.o
 .debug_frame   0x00000578       0x38 system_nrf51.o
 .debug_frame   0x000005b0       0x54 src/button.o
 .debug_frame   0x00000604       0x40 src/systick.o
 .debug_frame   0x00000644      0x138 src/ble.o
 .debug_frame   0x0000077c       0xcc src/ble_crazyflies.o
 .debug_frame   0x00000848      0x118 src/esb.o
 .debug_frame   0x00000960       0x78 src/timeslot.o
 .debug_frame   0x000009d8       0x70 src/bootloader.o
 .debug_frame   0x00000a48       0xac src/uart.o
 .debug_frame   0x00000af4       0x4c src/syslink.o
 .debug_frame   0x00000b40       0x30 src/crc.o
 .debug_frame   0x00000b70       0x28 /home/arnaud/opt/gcc-arm-none-eabi/bin/../lib/gcc/arm-none-eabi/4.8.4/../../../../arm-none-eabi/lib/armv6-m/libc_s.a(lib_a-exit.o)
 .debug_frame   0x00000b98       0x2c /home/arnaud/opt/gcc-arm-none-eabi/bin/../lib/gcc/arm-none-eabi/4.8.4/../../../../arm-none-eabi/lib/armv6-m/libc_s.a(lib_a-init.o)
 .debug_frame   0x00000bc4       0x28 /home/arnaud/opt/gcc-arm-none-eabi/bin/../lib/gcc/arm-none-eabi/4.8.4/../../../../arm-none-eabi/lib/armv6-m/libc_s.a(lib_a-memcpy-stub.o)
 .debug_frame   0x00000bec       0x20 /home/arnaud/opt/gcc-arm-none-eabi/bin/../lib/gcc/arm-none-eabi/4.8.4/../../../../arm-none-eabi/lib/armv6-m/libc_s.a(lib_a-memset.o)
 .debug_frame   0x00000c0c       0x20 /home/arnaud/opt/gcc-arm-none-eabi/bin/../lib/gcc/arm-none-eabi/4.8.4/../../../../arm-none-eabi/lib/armv6-m/libc_s.a(lib_a-strlen.o)
 .debug_frame   0x00000c2c       0x20 /home/arnaud/opt/gcc-arm-none-eabi/bin/../lib/gcc/arm-none-eabi/4.8.4/../../../../arm-none-eabi/lib/armv6-m/libnosys.a(_exit.o)
